// Jest Snapshot v1, https://goo.gl/fbAQLP

exports[`snapshot testing 1`] = `
<div>
  <BrowserRouter>
    <_default />
  </BrowserRouter>
  <_default />
</div>
`;
