// Jest Snapshot v1, https://goo.gl/fbAQLP

exports[`basic rendering 1`] = `
<div>
  <Component />
  <section
    id="middle-region"
  >
    <div
      className="game-main-container text-center"
    >
      <div>
        <h1
          className="congratulations"
        >
          Congratulations!
        </h1>
        <h2
          className="final-score"
        >
          You scored 
        </h2>
        <Link
          className="game-button"
          replace={false}
          to="/"
        >
          Home
        </Link>
      </div>
    </div>
  </section>
  <Component />
</div>
`;
